\BOOKMARK [0][-]{chapter*.1}{\376\377\000L\036\334\000I\000\040\000C\036\242\000M\000\040\001\240\000N}{}% 1
\BOOKMARK [0][-]{chapter*.2}{\376\377\000T\000\323\000M\000\040\000T\036\256\000T\000\040\001\020\036\322\000\040\000\301\000N}{}% 2
\BOOKMARK [0][-]{chapter*.4}{\376\377\000D\000A\000N\000H\000\040\000M\036\344\000C\000\040\000H\000\314\000N\000H\000\040\036\242\000N\000H}{}% 3
\BOOKMARK [0][-]{chapter*.5}{\376\377\000D\000A\000N\000H\000\040\000M\036\344\000C\000\040\000B\036\242\000N\000G\000\040\000B\000I\036\302\000U}{}% 4
\BOOKMARK [0][-]{chapter*.6}{\376\377\000D\000A\000N\000H\000\040\000M\036\344\000C\000\040\000T\036\352\000\040\000V\000I\036\276\000T\000\040\000T\036\256\000T}{}% 5
\BOOKMARK [0][-]{chapter.1}{\376\377\000G\000i\036\333\000i\000\040\000t\000h\000i\036\307\000u}{}% 6
\BOOKMARK [1][-]{section.1.1}{\376\377\000B\036\321\000i\000\040\000c\036\243\000n\000h\000\040\000v\000\340\000\040\001\021\036\331\000n\000g\000\040\000c\001\241}{chapter.1}% 7
\BOOKMARK [1][-]{section.1.2}{\376\377\000B\000\340\000i\000\040\000t\000o\000\341\000n\000\040\000n\000g\000h\000i\000\352\000n\000\040\000c\036\351\000u}{chapter.1}% 8
\BOOKMARK [1][-]{section.1.3}{\376\377\000M\036\345\000c\000\040\000t\000i\000\352\000u\000\040\000v\000\340\000\040\000p\000h\036\241\000m\000\040\000v\000i}{chapter.1}% 9
\BOOKMARK [1][-]{section.1.4}{\376\377\001\020\000\363\000n\000g\000\040\000g\000\363\000p\000\040\000c\000h\000\355\000n\000h}{chapter.1}% 10
\BOOKMARK [0][-]{chapter.2}{\376\377\000C\001\241\000\040\000s\036\337\000\040\000l\000\375\000\040\000t\000h\000u\000y\036\277\000t\000\040\000v\000\340\000\040\000c\000\364\000n\000g\000\040\000t\000r\000\354\000n\000h\000\040\000l\000i\000\352\000n\000\040\000q\000u\000a\000n}{}% 11
\BOOKMARK [1][-]{section.2.1}{\376\377\000P\000h\000\341\000t\000\040\000h\000i\036\307\000n\000\040\000v\000\340\000\040\000t\000h\000e\000o\000\040\000d\000\365\000i\000\040\000h\000\340\000n\000h\000\040\000v\000i\000\040\000t\000h\036\313\000\040\000g\000i\000\341\000c}{chapter.2}% 12
\BOOKMARK [1][-]{section.2.2}{\376\377\000B\000i\036\303\000u\000\040\000d\000i\036\305\000n\000\040\000c\000h\000u\036\327\000i\000\040\000t\000h\036\335\000i\000\040\000g\000i\000a\000n\000\040\000h\000\340\000n\000h\000\040\000v\000i}{chapter.2}% 13
\BOOKMARK [1][-]{section.2.3}{\376\377\000K\000h\000\341\000m\000\040\000p\000h\000\341\000\040\000l\000i\000\352\000n\000\040\000k\036\277\000t\000\040\000t\000h\036\335\000i\000\040\000g\000i\000a\000n}{chapter.2}% 14
\BOOKMARK [1][-]{section.2.4}{\376\377\000L\000L\000M\000-\000g\000u\000i\000d\000e\000d\000\040\000s\000e\000a\000r\000c\000h}{chapter.2}% 15
\BOOKMARK [0][-]{chapter.3}{\376\377\000P\000h\001\260\001\241\000n\000g\000\040\000p\000h\000\341\000p\000\040\001\021\036\301\000\040\000x\000u\036\245\000t}{}% 16
\BOOKMARK [1][-]{section.3.1}{\376\377\000T\036\325\000n\000g\000\040\000q\000u\000a\000n\000\040\000p\000i\000p\000e\000l\000i\000n\000e}{chapter.3}% 17
\BOOKMARK [1][-]{section.3.2}{\376\377\000S\000t\000a\000g\000e\000\040\0001\000:\000\040\000T\000r\000\355\000c\000h\000\040\000x\000u\036\245\000t\000\040\000c\000h\000u\036\327\000i\000\040\000t\000h\036\335\000i\000\040\000g\000i\000a\000n\000\040\000h\000\340\000n\000h\000\040\000v\000i}{chapter.3}% 18
\BOOKMARK [1][-]{section.3.3}{\376\377\000T\000\355\000c\000h\000\040\000h\036\343\000p\000\040\000M\000H\000S\000A\000\040\000v\000\340\000o\000\040\000Y\000O\000L\000O\0002\0006\000n}{chapter.3}% 19
\BOOKMARK [1][-]{section.3.4}{\376\377\000S\000t\000a\000g\000e\000\040\0002\000:\000\040\000T\000\354\000m\000\040\000k\000i\036\277\000m\000\040\001\021\036\323\000\040\000t\000h\036\313\000\040\000l\000i\000\352\000n\000\040\000k\036\277\000t\000\040\000t\000h\036\335\000i\000\040\000g\000i\000a\000n}{chapter.3}% 20
\BOOKMARK [1][-]{section.3.5}{\376\377\000S\000t\000a\000g\000e\000\040\0003\000:\000\040\000S\000i\000n\000h\000\040\000b\000\341\000o\000\040\000c\000\341\000o\000\040\000q\000u\000a\000n\000\040\000s\000\341\000t}{chapter.3}% 21
\BOOKMARK [0][-]{chapter.4}{\376\377\000T\000h\036\361\000c\000\040\000n\000g\000h\000i\036\307\000m\000\040\000v\000\340\000\040\000k\036\277\000t\000\040\000q\000u\036\243}{}% 22
\BOOKMARK [1][-]{section.4.1}{\376\377\000T\000h\000i\036\277\000t\000\040\000l\036\255\000p\000\040\000t\000h\036\361\000c\000\040\000n\000g\000h\000i\036\307\000m}{chapter.4}% 23
